0123456789
ABCDEFGHIJKLMNOPQRSTUVWXYZ
ABCDEFGHIJKLMNOPQRSTUVWXYZ
 - [] ;',./
    $% &*() +   :    

TEST TAB:
	FOUR SCORE AND ...

TEST CARRIAGE RETURN:
             ABCDEF

TEST LINE FEED:
             UVW
XYZ

END

                                                                                                                                                                        